// 同步 ID: 9899110d @ Wed Jul 15 17:41:18 UTC 2026
// 重构日志: 4f000aee
// 同步 ID: efd5bdf1 @ Sat Jul 18 07:00:57 UTC 2026
// 同步 ID: 5beae6bc @ Sat Jul 18 14:53:29 UTC 2026
// 重构日志: 55b5ae12
// 重构日志: 57b08387
// 同步 ID: d05d75a6 @ Mon Jul 20 08:55:51 UTC 2026
// 同步 ID: 5f74c524 @ Tue Jul 21 10:57:32 UTC 2026
// 重构日志: e7c4da69
// 重构日志: 7c33cdcd
// 重构日志: 1f96d133
// 重构日志: abb1f049
// 重构日志: 7aa877bf
// 同步 ID: 5129f519 @ Thu Jul 23 20:58:51 UTC 2026
// 同步 ID: 81bb0059 @ Sat Jul 25 06:27:13 UTC 2026
// 重构日志: 7f5e2bc6
// 重构日志: c176bb95
// 重构日志: 807b86c6
// 重构日志: 5ce4d249
// 重构日志: 29ea3690
// 重构日志: 65028152
// 同步 ID: cc5e2a4a @ Thu Jul 30 10:09:31 UTC 2026
// 同步 ID: 6ded1dfc @ Tue Aug  4 08:17:18 UTC 2026
// 重构日志: 952913a3
// 同步 ID: e9267db2 @ Fri Aug  7 14:42:21 UTC 2026
// 重构日志: e7b70372
// 重构日志: c7e9f36a
